[Setup] Loading config from /Users/rbk/warehouse_humanoid_tco/config/autostore_baseline.yaml...
[Setup] Loading humanoid capabilities from /Users/rbk/warehouse_humanoid_tco/data/processed/humanoid_capabilities_summary.parquet...
  ✓ Loaded capability summary for 1 task categories
  Using humanoid cycle time: 61.4±41.8s

[Scenario] S-baseline-human
  Composition: 100.0% human, 0.0% humanoid, 0.0% AMR
  Running 3 simulation(s)...
    Run 0: 930 orders/shift, queue=0.0
    Run 1: 979 orders/shift, queue=0.0
    Run 2: 964 orders/shift, queue=0.0

[Scenario] S-pure-humanoid
  Composition: 0.0% human, 100.0% humanoid, 0.0% AMR
  Running 3 simulation(s)...
    Run 0: 929 orders/shift, queue=0.0
    Run 1: 977 orders/shift, queue=0.0
    Run 2: 963 orders/shift, queue=0.0

[Scenario] S-hybrid-5050
  Composition: 50.0% human, 50.0% humanoid, 0.0% AMR
  Running 3 simulation(s)...
    Run 0: 927 orders/shift, queue=0.0
    Run 1: 979 orders/shift, queue=0.0
    Run 2: 962 orders/shift, queue=0.0

[Scenario] S-hybrid-amr
  Composition: 60.0% human, 20.0% humanoid, 20.0% AMR
  Running 3 simulation(s)...
    Run 0: 927 orders/shift, queue=0.0
    Run 1: 979 orders/shift, queue=0.0
    Run 2: 962 orders/shift, queue=0.0

[Scenario] S-future-2028
  Composition: 50.0% human, 50.0% humanoid, 0.0% AMR
  Running 3 simulation(s)...
    Run 0: 927 orders/shift, queue=0.0
    Run 1: 979 orders/shift, queue=0.0
    Run 2: 962 orders/shift, queue=0.0

[Export] Writing parquets...
  ✓ /Users/rbk/warehouse_humanoid_tco/data/processed/simulation_runs.parquet

✓ Module 2 complete. 15 runs across 5 scenarios.
  Report: /Users/rbk/warehouse_humanoid_tco/reports/module_02_simulation_report.json

✓ Success. Outputs: {'simulation_runs': PosixPath('/Users/rbk/warehouse_humanoid_tco/data/processed/simulation_runs.parquet'), 'validation_report': PosixPath('/Users/rbk/warehouse_humanoid_tco/reports/module_02_simulation_report.json')}
