
[Phase 1] Extracting unitreerobotics/G1_WBT_Inspire_Pickup_Pillow_MainCamOnly...
  Downloading to /Users/rbk/warehouse_humanoid_tco/data/raw/G1_WBT_Inspire_Pickup_Pillow_MainCamOnly...
Fetching 34 files:   0%|          | 0/34 [00:00<?, ?it/s]Fetching 34 files: 100%|██████████| 34/34 [00:00<00:00, 454.11it/s]
  Extracting features...
  ✓ 609 episodes extracted

[Phase 1] Extracting unitreerobotics/G1_WBT_Inspire_Put_Clothes_into_Washing_Machine_MainCamOnly...
  Downloading to /Users/rbk/warehouse_humanoid_tco/data/raw/G1_WBT_Inspire_Put_Clothes_into_Washing_Machine_MainCamOnly...
Fetching 24 files:   0%|          | 0/24 [00:00<?, ?it/s]Fetching 24 files: 100%|██████████| 24/24 [00:00<00:00, 515.95it/s]
  Extracting features...
  ✓ 457 episodes extracted

[Phase 1] Extracting unitreerobotics/G1_WBT_Brainco_Collect_Plates_Into_Dishwasher...
  Downloading to /Users/rbk/warehouse_humanoid_tco/data/raw/G1_WBT_Brainco_Collect_Plates_Into_Dishwasher...
Fetching 114 files:   0%|          | 0/114 [00:00<?, ?it/s]Fetching 114 files:  32%|███▏      | 36/114 [00:00<00:00, 346.60it/s]Fetching 114 files:  62%|██████▏   | 71/114 [00:00<00:00, 347.87it/s]Fetching 114 files:  93%|█████████▎| 106/114 [00:00<00:00, 324.57it/s]Fetching 114 files: 100%|██████████| 114/114 [00:00<00:00, 348.49it/s]
  Extracting features...
  ✓ 300 episodes extracted

[Phase 2] Extracting unitreerobotics/G1_Dex1_DiverseManip_SingleArm_256x256...
  Downloading to /Users/rbk/warehouse_humanoid_tco/data/raw/G1_Dex1_DiverseManip_SingleArm_256x256...
Fetching 15 files:   0%|          | 0/15 [00:00<?, ?it/s]Fetching 15 files: 100%|██████████| 15/15 [00:00<00:00, 522.34it/s]
  Extracting features...
  ✓ 468 episodes extracted

[Phase 2] Extracting unitreerobotics/G1_Dex1_DiverseManip_DualArm_256x256...
  Downloading to /Users/rbk/warehouse_humanoid_tco/data/raw/G1_Dex1_DiverseManip_DualArm_256x256...
Fetching 17 files:   0%|          | 0/17 [00:00<?, ?it/s]Fetching 17 files: 100%|██████████| 17/17 [00:00<00:00, 390.05it/s]
  Extracting features...
  ✓ 525 episodes extracted

[Classification] Mapping task descriptions to taxonomy...
[Aggregation] Computing summary statistics per task category...
[Export] Writing parquets...
  ✓ /Users/rbk/warehouse_humanoid_tco/data/processed/humanoid_capabilities_per_episode.parquet
  ✓ /Users/rbk/warehouse_humanoid_tco/data/processed/humanoid_capabilities_summary.parquet

✓ Module 1 complete. 2359 episodes, 1 task categories.
  Report: /Users/rbk/warehouse_humanoid_tco/reports/module_01_capability_extraction_report.json

✓ Success. Outputs: {'per_episode': PosixPath('/Users/rbk/warehouse_humanoid_tco/data/processed/humanoid_capabilities_per_episode.parquet'), 'summary': PosixPath('/Users/rbk/warehouse_humanoid_tco/data/processed/humanoid_capabilities_summary.parquet'), 'validation_report': PosixPath('/Users/rbk/warehouse_humanoid_tco/reports/module_01_capability_extraction_report.json')}
